   Compiling parrot v0.2.5 (~/Projects/parrot/apps/desktop/src-tauri)
    Finished `test` profile [unoptimized + debuginfo] target(s) in 3.34s
     Running unittests src/lib.rs (apps/desktop/src-tauri/target/debug/deps/parrot_lib-00c8e353f7deee4f)

running 44 tests
test audio::preview_buffer_bench::measure_preview_buffers ... ignored, opt-in copy/lock benchmark; run through preview-buffer-benchmark.py
test cleanup::tests::multilingual_cleanup_inference ... ignored, needs PARROT_CLEANUP_SIDECAR + PARROT_TEST_CLEANUP_MODEL
test cleanup::tests::formality_from_setting_parses_and_defaults ... ok
test cleanup::tests::pure_filler_detection ... ok
test cleanup_engine::tests::real_sidecar_demand_idle_release_and_reload ... ignored, needs PARROT_CLEANUP_SIDECAR + PARROT_TEST_CLEANUP_MODEL
test cleanup_engine::tests::sidecar_round_trip ... ignored, needs PARROT_CLEANUP_SIDECAR + PARROT_TEST_CLEANUP_MODEL
test cleanup::tests::finalize_empty_falls_back ... ok
test cleanup::tests::system_prompt_covers_fillers_disfluencies_and_formatting ... ok
test cleanup::tests::every_tone_preserves_languages_and_content ... ok
test cleanup::tests::system_prompt_reflects_formality_tone ... ok
test cleanup::tests::system_prompt_includes_vocab_context_style ... ok
test cleanup::tests::finalize_does_not_strip_content_like ... ok
test cleanup::tests::missing_builtin_returns_error_without_ollama_fallback ... ok
test cleanup::tests::finalize_strips_labels_and_pure_fillers ... ok
test local_setup::tests::cleanup_tiers_resolve_to_distinct_files ... ok
test local_setup::tests::cleanup_tiers_resolve_to_distinct_urls ... ok
test cleanup::tests::finalize_preserves_paragraphs_and_lists ... ok
test cleanup::tests::finalizer_preserves_number_occurrences ... ok
test cleanup::tests::finalizer_rejects_script_changes_and_lost_mixed_words ... ok
test inference_scheduler::tests::cancelled_caller_does_not_release_an_active_job_permit_or_resource ... ok
test speech_engine::tests::real_speech_demand_release_reload_and_failed_load ... ignored, needs PARROT_TEST_STT_MODEL pointing to Whisper or Parakeet
test speech_engine::tests::obsolete_previews_do_not_load_a_model ... ok
test inference_scheduler::tests::final_waiters_take_priority_and_previews_never_queue ... ok
test model_lifecycle::tests::sequential_release_respects_active_owners_even_with_keep_warm_policy ... ok
test streaming::tests::bounded_previews_keep_recent_english_and_french_speech ... ignored, needs PARROT_TEST_STT_MODEL pointing to Whisper or Parakeet
test streaming::tests::multilingual_preview_inference ... ignored, requires a local multilingual Whisper model
test model_lifecycle::tests::model_switch_rejects_stale_load_and_keeps_active_resource_alive ... ok
test streaming::tests::new_generations_invalidate_ended_recording_previews ... ok
test transcription::tests::rejects_garbage_bytes ... ok
test transcription::tests::downmixes_stereo_wav ... ok
test transcription::tests::decodes_mono_wav ... ok
test transcription::tests::whisper_multilingual_inference ... ignored, requires PARROT_TEST_WHISPER_MODEL pointing to a multilingual Whisper model
test model_lifecycle::tests::a_load_timeout_does_not_cancel_or_duplicate_the_native_load ... ok
test cleanup_policy_tests::configured_cleanup_is_unloaded_and_off_cannot_acquire ... ok
test speech_policy_tests::speech_idle_configuration_does_not_load_and_handles_invalid_values ... ok
test transcription::tests::transcription_preferences_preserve_auto_and_explicit_languages ... ok
test cleanup_policy_tests::idle_policy_handles_keep_warm_and_invalid_stored_values ... ok
test transcription::tests::transcription_preferences_tolerate_malformed_and_conditional_vocabulary ... ok
test speech_policy_tests::sequential_policy_applies_to_builtin_cleanup_only ... ok
test model_lifecycle::tests::cancelled_waiter_does_not_cancel_load_and_failures_are_retryable ... ok
test model_lifecycle::tests::concurrent_loads_reuse_and_idle_waits_for_final_owner ... ok
test cleanup_engine::tests::startup_error_kills_and_reaps_child ... ok
test audio::tests::preview_tail_handles_window_boundaries_at_device_rates ... ok
test audio::tests::long_capture_keeps_growing_and_preserves_final_audio_during_previews ... ok

test result: ok. 36 passed; 0 failed; 8 ignored; 0 measured; 0 filtered out; finished in 0.96s
